============================= test session starts =============================
platform win32 -- Python 3.13.2, pytest-8.3.3, pluggy-1.6.0
rootdir: C:\Users\max\SynologyDrive\Bureaublad\case\backend
plugins: anyio-4.9.0
collected 0 items / 1 error

=================================== ERRORS ====================================
_____________________ ERROR collecting tests/test_api.py ______________________
import file mismatch:
imported module 'test_api' has this __file__ attribute:
  C:\Users\max\SynologyDrive\Bureaublad\case\backend\test_api.py
which is not the same as the test file we want to collect:
  C:\Users\max\SynologyDrive\Bureaublad\case\backend\tests\test_api.py
HINT: remove __pycache__ / .pyc files and/or use a unique basename for your test file modules
=========================== short test summary info ===========================
ERROR tests/test_api.py
!!!!!!!!!!!!!!!!!!! Interrupted: 1 error during collection !!!!!!!!!!!!!!!!!!!!
============================== 1 error in 2.16s ===============================
